Microchip MPLAB XC8 Compiler V2.32

Linker command line:

-W-3 --edf=C:\Program Files\Microchip\xc8\v2.32\pic\dat\en_msgs.txt -cn \
  -h+dist/default/production\OfenBoardv1.2.X.production.sym \
  --cmf=dist/default/production\OfenBoardv1.2.X.production.cmf -z -Q16F1508 \
  -oC:\Users\Reinhard\AppData\Local\Temp\xcAsjlg.4 --defsym=__MPLAB_BUILD=1 \
  -Mdist/default/production/OfenBoardv1.2.X.production.map -E1 \
  -ver=XC8 Compiler --acfsm=1493 -ASTACK=02015h-020EFh -pstack=STACK \
  -ACODE=00h-07FFhx2 -ASTRCODE=00h-0FFFh -ASTRING=00h-0FFhx16 \
  -ACONST=00h-0FFhx16 -AENTRY=00h-0FFhx16 -ACOMMON=070h-07Fh \
  -ABANK0=020h-06Fh -ABANK1=0A0h-0EFh -ABANK2=0120h-016Fh \
  -ABIGRAM=02000h-020EFh -ARAM=020h-06Fh,0A0h-0EFh,0120h-016Fh \
  -AABS1=020h-07Fh,0A0h-0EFh,0120h-016Fh -ASFR0=00h-01Fh -ASFR1=080h-09Fh \
  -ASFR2=0100h-011Fh -ASFR3=0180h-01EFh -ASFR4=0200h-026Fh \
  -ASFR5=0280h-02EFh -ASFR6=0300h-036Fh -ASFR7=0380h-03EFh \
  -ASFR8=0400h-046Fh -ASFR9=0480h-04EFh -ASFR10=0500h-056Fh \
  -ASFR11=0580h-05EFh -ASFR12=0600h-066Fh -ASFR13=0680h-06EFh \
  -ASFR14=0700h-076Fh -ASFR15=0780h-07EFh -ASFR16=0800h-086Fh \
  -ASFR17=0880h-08EFh -ASFR18=0900h-096Fh -ASFR19=0980h-09EFh \
  -ASFR20=0A00h-0A6Fh -ASFR21=0A80h-0AEFh -ASFR22=0B00h-0B6Fh \
  -ASFR23=0B80h-0BEFh -ASFR24=0C00h-0C6Fh -ASFR25=0C80h-0CEFh \
  -ASFR26=0D00h-0D6Fh -ASFR27=0D80h-0DEFh -ASFR28=0E00h-0E6Fh \
  -ASFR29=0E80h-0EEFh -ASFR30=0F00h-0F6Fh -ASFR31=0F80h-0FEFh \
  -ACONFIG=08007h-08008h -DCONFIG=2 -AIDLOC=08000h-08003h -DIDLOC=2 \
  -DCODE=2 -DSTRCODE=2 -DSTRING=2 -DCONST=2 -DENTRY=2 \
  -preset_vec=00h,intentry=04h,init,end_init -ppowerup=CODE -pcinit=CODE \
  -pfunctab=ENTRY -k C:\Users\Reinhard\AppData\Local\Temp\xcAsjlg.o \
  dist/default/production\OfenBoardv1.2.X.production.o 

Object code version is 3.11

Machine type is 16F1508



                Name                               Link     Load   Length Selector   Space Scale
C:\Users\Reinhard\AppData\Local\Temp\xcAsjlg.o
                end_init                             27       27        2        8       0
                reset_vec                             0        0        2        0       0
                config                             8007     8007        2        0       4
dist/default/production\OfenBoardv1.2.X.production.o
                cinit                                29       29       12        8       0
                intentry                              4        4       23        8       0
                config                             8007     8007        2        0       4
                text40                              2E9      2E9        3        8       0
                text39                              25C      25C        8        8       0
                text38                              230      230        D        8       0
                text37                              2E6      2E6        3        8       0
                text36                              279      279        7        8       0
                text35                              2CC      2CC        5        8       0
                text34                              2D9      2D9        4        8       0
                text33                              272      272        7        8       0
                text32                              2D5      2D5        4        8       0
                text31                              26B      26B        7        8       0
                text30                              249      249        B        8       0
                text29                              223      223        D        8       0
                text28                              2E3      2E3        3        8       0
                text27                              2C7      2C7        5        8       0
                text26                              2BC      2BC        6        8       0
                text25                              2C2      2C2        5        8       0
                text24                              1CF      1CF       17        8       0
                text23                              216      216        D        8       0
                text22                              103      103       73        8       0
                text20                              264      264        7        8       0
                text19                              206      206       10        8       0
                text18                              2E0      2E0        3        8       0
                text17                              2DD      2DD        3        8       0
                text16                              1F6      1F6       10        8       0
                text15                              2B6      2B6        6        8       0
                text14                              2B0      2B0        6        8       0
                text13                              2AA      2AA        6        8       0
                text12                              2A4      2A4        6        8       0
                text11                              29E      29E        6        8       0
                text10                              298      298        6        8       0
                text9                               292      292        6        8       0
                text8                               28C      28C        6        8       0
                text7                               176      176       3F        8       0
                text6                               254      254        8        8       0
                text5                               23D      23D        C        8       0
                text4                               286      286        6        8       0
                text3                               1B5      1B5       1A        8       0
                text2                               2D1      2D1        4        8       0
                text1                               1E6      1E6       10        8       0
                maintext                             3B       3B       C8        8       0
                cstackBANK0                          31       31        4       20       1
                cstackCOMMON                         76       76        4       70       1
                clrtext                             280      280        6        8       0
                bssBANK0                             20       20       11       20       1
                bssCOMMON                            70       70        6       70       1

TOTAL           Name                               Link     Load   Length     Space
        CLASS   STACK          

        CLASS   CODE           
                end_init                             27       27        2         0
                cinit                                29       29       12         0
                intentry                              4        4       23         0
                reset_vec                             0        0        2         0
                text40                              2E9      2E9        3         0
                text39                              25C      25C        8         0
                text38                              230      230        D         0
                text37                              2E6      2E6        3         0
                text36                              279      279        7         0
                text35                              2CC      2CC        5         0
                text34                              2D9      2D9        4         0
                text33                              272      272        7         0
                text32                              2D5      2D5        4         0
                text31                              26B      26B        7         0
                text30                              249      249        B         0
                text29                              223      223        D         0
                text28                              2E3      2E3        3         0
                text27                              2C7      2C7        5         0
                text26                              2BC      2BC        6         0
                text25                              2C2      2C2        5         0
                text24                              1CF      1CF       17         0
                text23                              216      216        D         0
                text22                              103      103       73         0
                text20                              264      264        7         0
                text19                              206      206       10         0
                text18                              2E0      2E0        3         0
                text17                              2DD      2DD        3         0
                text16                              1F6      1F6       10         0
                text15                              2B6      2B6        6         0
                text14                              2B0      2B0        6         0
                text13                              2AA      2AA        6         0
                text12                              2A4      2A4        6         0
                text11                              29E      29E        6         0
                text10                              298      298        6         0
                text9                               292      292        6         0
                text8                               28C      28C        6         0
                text7                               176      176       3F         0
                text6                               254      254        8         0
                text5                               23D      23D        C         0
                text4                               286      286        6         0
                text3                               1B5      1B5       1A         0
                text2                               2D1      2D1        4         0
                text1                               1E6      1E6       10         0
                maintext                             3B       3B       C8         0
                clrtext                             280      280        6         0

        CLASS   STRCODE        

        CLASS   STRING         

        CLASS   CONST          

        CLASS   ENTRY          

        CLASS   COMMON         
                cstackCOMMON                         76       76        4         1
                bssCOMMON                            70       70        6         1

        CLASS   BANK0          
                cstackBANK0                          31       31        4         1
                bssBANK0                             20       20       11         1

        CLASS   BANK1          

        CLASS   BANK2          

        CLASS   BIGRAM         

        CLASS   RAM            

        CLASS   ABS1           
                abs_s1                               7E       7E        2         1

        CLASS   SFR0           

        CLASS   SFR1           

        CLASS   SFR2           

        CLASS   SFR3           

        CLASS   SFR4           

        CLASS   SFR5           

        CLASS   SFR6           

        CLASS   SFR7           

        CLASS   SFR8           

        CLASS   SFR9           

        CLASS   SFR10          

        CLASS   SFR11          

        CLASS   SFR12          

        CLASS   SFR13          

        CLASS   SFR14          

        CLASS   SFR15          

        CLASS   SFR16          

        CLASS   SFR17          

        CLASS   SFR18          

        CLASS   SFR19          

        CLASS   SFR20          

        CLASS   SFR21          

        CLASS   SFR22          

        CLASS   SFR23          

        CLASS   SFR24          

        CLASS   SFR25          

        CLASS   SFR26          

        CLASS   SFR27          

        CLASS   SFR28          

        CLASS   SFR29          

        CLASS   SFR30          

        CLASS   SFR31          

        CLASS   CONFIG         
                config                             8007     8007        2         4

        CLASS   IDLOC          

        CLASS   BANK31         

        CLASS   BANK30         

        CLASS   BANK29         

        CLASS   BANK28         

        CLASS   BANK27         

        CLASS   BANK26         

        CLASS   BANK25         

        CLASS   BANK24         

        CLASS   BANK23         

        CLASS   BANK22         

        CLASS   BANK21         

        CLASS   BANK20         

        CLASS   BANK19         

        CLASS   BANK18         

        CLASS   BANK17         

        CLASS   BANK16         

        CLASS   BANK15         

        CLASS   BANK14         

        CLASS   BANK13         

        CLASS   BANK12         

        CLASS   BANK11         

        CLASS   BANK10         

        CLASS   BANK9          

        CLASS   BANK8          

        CLASS   BANK7          

        CLASS   BANK6          

        CLASS   BANK5          

        CLASS   BANK4          

        CLASS   BANK3          

        CLASS   EEDATA         



SEGMENTS        Name                           Load    Length   Top    Selector   Space  Class     Delta

                reset_vec                      000000  000002  000002         0       0  CODE        2
                intentry                       000004  0002E8  0002EC         8       0  CODE        2
                bssBANK0                       000020  000015  000035        20       1  BANK0       1
                bssCOMMON                      000070  00000A  00007A        70       1  COMMON      1


UNUSED ADDRESS RANGES

        Name                Unused          Largest block    Delta
        BANK0            00035-0006F              3B           1
        BANK1            000A0-000EF              50           1
        BANK2            00120-0016F              50           1
        BIGRAM           02000-020EF              F0           1
        CODE             00002-00003               2           2
                         002EC-00FFF             514
        COMMON           0007A-0007D               4           1
        CONST            00002-00003               2           2
                         002EC-00FFF             100
        ENTRY            00002-00003               2           2
                         002EC-00FFF             100
        IDLOC            08000-08003               4           2
        RAM              00035-0006F              3B           1
                         000A0-000EF              50
                         00120-0016F              50
        SFR0             00000-0001F              20           1
        SFR1             00080-0009F              20           1
        SFR10            00500-0056F              70           1
        SFR11            00580-005EF              70           1
        SFR12            00600-0066F              70           1
        SFR13            00680-006EF              70           1
        SFR14            00700-0076F              70           1
        SFR15            00780-007EF              70           1
        SFR16            00800-0086F              70           1
        SFR17            00880-008EF              70           1
        SFR18            00900-0096F              70           1
        SFR19            00980-009EF              70           1
        SFR2             00100-0011F              20           1
        SFR20            00A00-00A6F              70           1
        SFR21            00A80-00AEF              70           1
        SFR22            00B00-00B6F              70           1
        SFR23            00B80-00BEF              70           1
        SFR24            00C00-00C6F              70           1
        SFR25            00C80-00CEF              70           1
        SFR26            00D00-00D6F              70           1
        SFR27            00D80-00DEF              70           1
        SFR28            00E00-00E6F              70           1
        SFR29            00E80-00EEF              70           1
        SFR3             00180-001EF              70           1
        SFR30            00F00-00F6F              70           1
        SFR31            00F80-00FEF              70           1
        SFR4             00200-0026F              70           1
        SFR5             00280-002EF              70           1
        SFR6             00300-0036F              70           1
        SFR7             00380-003EF              70           1
        SFR8             00400-0046F              70           1
        SFR9             00480-004EF              70           1
        STACK            02015-020EF              DB           1
        STRCODE          00002-00003               2           2
                         002EC-00FFF             D14
        STRING           00002-00003               2           2
                         002EC-00FFF             100

                                  Symbol Table

ADC_SelectChannel@channel                  cstackBANK0  00032
I2C_SlaveSendTxData@data                   cstackCOMMON 00076
I2C_SlaveSetAddrIntHandler@handler         cstackBANK0  00031
I2C_SlaveSetBusColIntHandler@handler       cstackBANK0  00031
I2C_SlaveSetIsrHandler@handler             cstackBANK0  00031
I2C_SlaveSetReadIntHandler@handler         cstackBANK0  00031
I2C_SlaveSetSlaveAddr@slaveAddr            cstackBANK0  00031
I2C_SlaveSetSlaveMask@maskAddr             cstackBANK0  00031
I2C_SlaveSetWrColIntHandler@handler        cstackBANK0  00031
I2C_SlaveSetWriteIntHandler@handler        cstackBANK0  00031
I2C_Write@data                             cstackCOMMON 00077
_ADCON0                                    (abs)        0009D
_ADCON0bits                                (abs)        0009D
_ADCON1                                    (abs)        0009E
_ADCON2                                    (abs)        0009F
_ADC_Initialize                            text6        00254
_ADC_IsConversionDone                      text20       00264
_ADC_SelectChannel                         text19       00206
_ADC_StartConversion                       text18       002E0
_ADRESH                                    (abs)        0009C
_ADRESL                                    (abs)        0009B
_ANSELA                                    (abs)        0018C
_ANSELB                                    (abs)        0018D
_ANSELC                                    (abs)        0018E
_APFCON                                    (abs)        0011D
_BORCON                                    (abs)        00116
_CReI2C                                    text24       001CF
_CWrI2C                                    text30       00249
_I2C_Initialize                            text5        0023D
_I2C_Isr                                   text22       00103
_I2C_Open                                  text7        00176
_I2C_Read                                  text32       002D5
_I2C_SlaveAddrCallBack                     text38       00230
_I2C_SlaveAddrInterruptHandler             bssBANK0     00026
_I2C_SlaveBusColInterruptHandler           bssBANK0     00024
_I2C_SlaveClearIrq                         text37       002E6
_I2C_SlaveDefAddrInterruptHandler          text39       0025C
_I2C_SlaveDefBusColInterruptHandler        (abs)        00000
_I2C_SlaveDefRdInterruptHandler            text31       0026B
_I2C_SlaveDefWrColInterruptHandler         (abs)        00000
_I2C_SlaveDefWrInterruptHandler            text25       002C2
_I2C_SlaveEnableIrq                        text17       002DD
_I2C_SlaveGetRxData                        text40       002E9
_I2C_SlaveIsAddr                           text36       00279
_I2C_SlaveIsRead                           text35       002CC
_I2C_SlaveIsRxBufFull                      text34       002D9
_I2C_SlaveIsTxBufEmpty                     text33       00272
_I2C_SlaveOpen                             text16       001F6
_I2C_SlaveRdCallBack                       text29       00223
_I2C_SlaveRdInterruptHandler               bssBANK0     0002A
_I2C_SlaveReleaseClock                     text28       002E3
_I2C_SlaveSendTxData                       text27       002C7
_I2C_SlaveSetAddrIntHandler                text15       002B6
_I2C_SlaveSetBusColIntHandler              text14       002B0
_I2C_SlaveSetIsrHandler                    text13       002AA
_I2C_SlaveSetReadIntHandler                text12       002A4
_I2C_SlaveSetSlaveAddr                     text11       0029E
_I2C_SlaveSetSlaveMask                     text10       00298
_I2C_SlaveSetWrColIntHandler               text9        00292
_I2C_SlaveSetWriteIntHandler               text8        0028C
_I2C_SlaveWrCallBack                       text23       00216
_I2C_SlaveWrColInterruptHandler            bssBANK0     00022
_I2C_SlaveWrInterruptHandler               bssBANK0     00028
_I2C_Write                                 text26       002BC
_INTCONbits                                (abs)        0000B
_INTERRUPT_InterruptManager                intentry     00004
_LATA                                      (abs)        0010C
_LATAbits                                  (abs)        0010C
_LATB                                      (abs)        0010D
_LATC                                      (abs)        0010E
_LATCbits                                  (abs)        0010E
_Led1toggle                                bssCOMMON    00071
_MSSP_InterruptHandler                     bssBANK0     0002C
_OPTION_REGbits                            (abs)        00095
_OSCCON                                    (abs)        00099
_OSCILLATOR_Initialize                     text4        00286
_PIE1bits                                  (abs)        00091
_PIE2bits                                  (abs)        00092
_PIN_MANAGER_Initialize                    text3        001B5
_PIR1bits                                  (abs)        00011
_PIR2bits                                  (abs)        00012
_SSP1ADD                                   (abs)        00212
_SSP1BUF                                   (abs)        00211
_SSP1CON1                                  (abs)        00215
_SSP1CON1bits                              (abs)        00215
_SSP1CON2                                  (abs)        00216
_SSP1CON2bits                              (abs)        00216
_SSP1MSK                                   (abs)        00213
_SSP1STAT                                  (abs)        00214
_SSP1STATbits                              (abs)        00214
_SYSTEM_Initialize                         text1        001E6
_TRISA                                     (abs)        0008C
_TRISB                                     (abs)        0008D
_TRISC                                     (abs)        0008E
_WDTCON                                    (abs)        00097
_WDT_Initialize                            text2        002D1
_WPUA                                      (abs)        0020C
_WPUB                                      (abs)        0020D
__Habs1                                    abs1         00000
__Hbank0                                   bank0        00000
__Hbank1                                   bank1        00000
__Hbank10                                  bank10       00000
__Hbank11                                  bank11       00000
__Hbank12                                  bank12       00000
__Hbank13                                  bank13       00000
__Hbank14                                  bank14       00000
__Hbank15                                  bank15       00000
__Hbank16                                  bank16       00000
__Hbank17                                  bank17       00000
__Hbank18                                  bank18       00000
__Hbank19                                  bank19       00000
__Hbank2                                   bank2        00000
__Hbank20                                  bank20       00000
__Hbank21                                  bank21       00000
__Hbank22                                  bank22       00000
__Hbank23                                  bank23       00000
__Hbank24                                  bank24       00000
__Hbank25                                  bank25       00000
__Hbank26                                  bank26       00000
__Hbank27                                  bank27       00000
__Hbank28                                  bank28       00000
__Hbank29                                  bank29       00000
__Hbank3                                   bank3        00000
__Hbank30                                  bank30       00000
__Hbank31                                  bank31       00000
__Hbank4                                   bank4        00000
__Hbank5                                   bank5        00000
__Hbank6                                   bank6        00000
__Hbank7                                   bank7        00000
__Hbank8                                   bank8        00000
__Hbank9                                   bank9        00000
__Hbigram                                  bigram       00000
__HbssBANK0                                bssBANK0     00000
__HbssCOMMON                               bssCOMMON    00000
__Hcinit                                   cinit        0003B
__Hclrtext                                 clrtext      00000
__Hcode                                    code         00000
__Hcommon                                  common       00000
__Hconfig                                  config       08009
__HcstackBANK0                             cstackBANK0  00000
__HcstackCOMMON                            cstackCOMMON 00000
__Heeprom_data                             eeprom_data  00000
__Hend_init                                end_init     00029
__Hfunctab                                 functab      00000
__Hinit                                    init         00027
__Hintentry                                intentry     00027
__Hmaintext                                maintext     00000
__Hpowerup                                 powerup      00000
__Hram                                     ram          00000
__Hreset_vec                               reset_vec    00002
__Hsfr0                                    sfr0         00000
__Hsfr1                                    sfr1         00000
__Hsfr10                                   sfr10        00000
__Hsfr11                                   sfr11        00000
__Hsfr12                                   sfr12        00000
__Hsfr13                                   sfr13        00000
__Hsfr14                                   sfr14        00000
__Hsfr15                                   sfr15        00000
__Hsfr16                                   sfr16        00000
__Hsfr17                                   sfr17        00000
__Hsfr18                                   sfr18        00000
__Hsfr19                                   sfr19        00000
__Hsfr2                                    sfr2         00000
__Hsfr20                                   sfr20        00000
__Hsfr21                                   sfr21        00000
__Hsfr22                                   sfr22        00000
__Hsfr23                                   sfr23        00000
__Hsfr24                                   sfr24        00000
__Hsfr25                                   sfr25        00000
__Hsfr26                                   sfr26        00000
__Hsfr27                                   sfr27        00000
__Hsfr28                                   sfr28        00000
__Hsfr29                                   sfr29        00000
__Hsfr3                                    sfr3         00000
__Hsfr30                                   sfr30        00000
__Hsfr31                                   sfr31        00000
__Hsfr4                                    sfr4         00000
__Hsfr5                                    sfr5         00000
__Hsfr6                                    sfr6         00000
__Hsfr7                                    sfr7         00000
__Hsfr8                                    sfr8         00000
__Hsfr9                                    sfr9         00000
__Hspace_0                                 (abs)        002EC
__Hspace_1                                 (abs)        0007A
__Hspace_2                                 (abs)        00000
__Hspace_3                                 (abs)        00000
__Hspace_4                                 (abs)        10010
__Hstack                                   stack        00000
__Hstrings                                 strings      00000
__Htext                                    text         00000
__Labs1                                    abs1         00000
__Lbank0                                   bank0        00000
__Lbank1                                   bank1        00000
__Lbank10                                  bank10       00000
__Lbank11                                  bank11       00000
__Lbank12                                  bank12       00000
__Lbank13                                  bank13       00000
__Lbank14                                  bank14       00000
__Lbank15                                  bank15       00000
__Lbank16                                  bank16       00000
__Lbank17                                  bank17       00000
__Lbank18                                  bank18       00000
__Lbank19                                  bank19       00000
__Lbank2                                   bank2        00000
__Lbank20                                  bank20       00000
__Lbank21                                  bank21       00000
__Lbank22                                  bank22       00000
__Lbank23                                  bank23       00000
__Lbank24                                  bank24       00000
__Lbank25                                  bank25       00000
__Lbank26                                  bank26       00000
__Lbank27                                  bank27       00000
__Lbank28                                  bank28       00000
__Lbank29                                  bank29       00000
__Lbank3                                   bank3        00000
__Lbank30                                  bank30       00000
__Lbank31                                  bank31       00000
__Lbank4                                   bank4        00000
__Lbank5                                   bank5        00000
__Lbank6                                   bank6        00000
__Lbank7                                   bank7        00000
__Lbank8                                   bank8        00000
__Lbank9                                   bank9        00000
__Lbigram                                  bigram       00000
__LbssBANK0                                bssBANK0     00000
__LbssCOMMON                               bssCOMMON    00000
__Lcinit                                   cinit        00029
__Lclrtext                                 clrtext      00000
__Lcode                                    code         00000
__Lcommon                                  common       00000
__Lconfig                                  config       00000
__LcstackBANK0                             cstackBANK0  00000
__LcstackCOMMON                            cstackCOMMON 00000
__Leeprom_data                             eeprom_data  00000
__Lend_init                                end_init     00027
__Lfunctab                                 functab      00000
__Linit                                    init         00027
__Lintentry                                intentry     00004
__Lmaintext                                maintext     00000
__Lpowerup                                 powerup      00000
__Lram                                     ram          00000
__Lreset_vec                               reset_vec    00000
__Lsfr0                                    sfr0         00000
__Lsfr1                                    sfr1         00000
__Lsfr10                                   sfr10        00000
__Lsfr11                                   sfr11        00000
__Lsfr12                                   sfr12        00000
__Lsfr13                                   sfr13        00000
__Lsfr14                                   sfr14        00000
__Lsfr15                                   sfr15        00000
__Lsfr16                                   sfr16        00000
__Lsfr17                                   sfr17        00000
__Lsfr18                                   sfr18        00000
__Lsfr19                                   sfr19        00000
__Lsfr2                                    sfr2         00000
__Lsfr20                                   sfr20        00000
__Lsfr21                                   sfr21        00000
__Lsfr22                                   sfr22        00000
__Lsfr23                                   sfr23        00000
__Lsfr24                                   sfr24        00000
__Lsfr25                                   sfr25        00000
__Lsfr26                                   sfr26        00000
__Lsfr27                                   sfr27        00000
__Lsfr28                                   sfr28        00000
__Lsfr29                                   sfr29        00000
__Lsfr3                                    sfr3         00000
__Lsfr30                                   sfr30        00000
__Lsfr31                                   sfr31        00000
__Lsfr4                                    sfr4         00000
__Lsfr5                                    sfr5         00000
__Lsfr6                                    sfr6         00000
__Lsfr7                                    sfr7         00000
__Lsfr8                                    sfr8         00000
__Lsfr9                                    sfr9         00000
__Lspace_0                                 (abs)        00000
__Lspace_1                                 (abs)        00000
__Lspace_2                                 (abs)        00000
__Lspace_3                                 (abs)        00000
__Lspace_4                                 (abs)        00000
__Lstack                                   stack        00000
__Lstrings                                 strings      00000
__Ltext                                    text         00000
__S0                                       (abs)        002EC
__S1                                       (abs)        0007A
__S2                                       (abs)        00000
___int_sp                                  stack        00000
___latbits                                 (abs)        00001
___sp                                      stack        00000
___stackhi                                 (abs)        020EF
___stacklo                                 (abs)        02015
__end_of_ADC_Initialize                    text6        0025C
__end_of_ADC_IsConversionDone              text20       0026B
__end_of_ADC_SelectChannel                 text19       00216
__end_of_ADC_StartConversion               text18       002E3
__end_of_CReI2C                            text24       001E6
__end_of_CWrI2C                            text30       00254
__end_of_I2C_Initialize                    text5        00249
__end_of_I2C_Isr                           text22       00176
__end_of_I2C_Open                          text7        001B5
__end_of_I2C_Read                          text32       002D9
__end_of_I2C_SlaveAddrCallBack             text38       0023D
__end_of_I2C_SlaveClearIrq                 text37       002E9
__end_of_I2C_SlaveDefAddrInterruptHandler  text39       00264
__end_of_I2C_SlaveDefRdInterruptHandler    text31       00272
__end_of_I2C_SlaveDefWrInterruptHandler    text25       002C7
__end_of_I2C_SlaveEnableIrq                text17       002E0
__end_of_I2C_SlaveGetRxData                text40       002EC
__end_of_I2C_SlaveIsAddr                   text36       00280
__end_of_I2C_SlaveIsRead                   text35       002D1
__end_of_I2C_SlaveIsRxBufFull              text34       002DD
__end_of_I2C_SlaveIsTxBufEmpty             text33       00279
__end_of_I2C_SlaveOpen                     text16       00206
__end_of_I2C_SlaveRdCallBack               text29       00230
__end_of_I2C_SlaveReleaseClock             text28       002E6
__end_of_I2C_SlaveSendTxData               text27       002CC
__end_of_I2C_SlaveSetAddrIntHandler        text15       002BC
__end_of_I2C_SlaveSetBusColIntHandler      text14       002B6
__end_of_I2C_SlaveSetIsrHandler            text13       002B0
__end_of_I2C_SlaveSetReadIntHandler        text12       002AA
__end_of_I2C_SlaveSetSlaveAddr             text11       002A4
__end_of_I2C_SlaveSetSlaveMask             text10       0029E
__end_of_I2C_SlaveSetWrColIntHandler       text9        00298
__end_of_I2C_SlaveSetWriteIntHandler       text8        00292
__end_of_I2C_SlaveWrCallBack               text23       00223
__end_of_I2C_Write                         text26       002C2
__end_of_INTERRUPT_InterruptManager        intentry     00027
__end_of_OSCILLATOR_Initialize             text4        0028C
__end_of_PIN_MANAGER_Initialize            text3        001CF
__end_of_SYSTEM_Initialize                 text1        001F6
__end_of_WDT_Initialize                    text2        002D5
__end_of__initialization                   cinit        00037
__end_of_main                              maintext     00103
__initialization                           cinit        00029
__pbssBANK0                                bssBANK0     00020
__pbssCOMMON                               bssCOMMON    00070
__pcstackBANK0                             cstackBANK0  00031
__pcstackCOMMON                            cstackCOMMON 00076
__pintentry                                intentry     00004
__pmaintext                                maintext     0003B
__ptext1                                   text1        001E6
__ptext10                                  text10       00298
__ptext11                                  text11       0029E
__ptext12                                  text12       002A4
__ptext13                                  text13       002AA
__ptext14                                  text14       002B0
__ptext15                                  text15       002B6
__ptext16                                  text16       001F6
__ptext17                                  text17       002DD
__ptext18                                  text18       002E0
__ptext19                                  text19       00206
__ptext2                                   text2        002D1
__ptext20                                  text20       00264
__ptext22                                  text22       00103
__ptext23                                  text23       00216
__ptext24                                  text24       001CF
__ptext25                                  text25       002C2
__ptext26                                  text26       002BC
__ptext27                                  text27       002C7
__ptext28                                  text28       002E3
__ptext29                                  text29       00223
__ptext3                                   text3        001B5
__ptext30                                  text30       00249
__ptext31                                  text31       0026B
__ptext32                                  text32       002D5
__ptext33                                  text33       00272
__ptext34                                  text34       002D9
__ptext35                                  text35       002CC
__ptext36                                  text36       00279
__ptext37                                  text37       002E6
__ptext38                                  text38       00230
__ptext39                                  text39       0025C
__ptext4                                   text4        00286
__ptext40                                  text40       002E9
__ptext5                                   text5        0023D
__ptext6                                   text6        00254
__ptext7                                   text7        00176
__ptext8                                   text8        0028C
__ptext9                                   text9        00292
__size_of_ADC_Initialize                   (abs)        00000
__size_of_ADC_IsConversionDone             (abs)        00000
__size_of_ADC_SelectChannel                (abs)        00000
__size_of_ADC_StartConversion              (abs)        00000
__size_of_CReI2C                           (abs)        00000
__size_of_CWrI2C                           (abs)        00000
__size_of_I2C_Initialize                   (abs)        00000
__size_of_I2C_Isr                          (abs)        00000
__size_of_I2C_Open                         (abs)        00000
__size_of_I2C_Read                         (abs)        00000
__size_of_I2C_SlaveAddrCallBack            (abs)        00000
__size_of_I2C_SlaveClearIrq                (abs)        00000
__size_of_I2C_SlaveDefAddrInterruptHandler (abs)        00000
__size_of_I2C_SlaveDefRdInterruptHandler   (abs)        00000
__size_of_I2C_SlaveDefWrInterruptHandler   (abs)        00000
__size_of_I2C_SlaveEnableIrq               (abs)        00000
__size_of_I2C_SlaveGetRxData               (abs)        00000
__size_of_I2C_SlaveIsAddr                  (abs)        00000
__size_of_I2C_SlaveIsRead                  (abs)        00000
__size_of_I2C_SlaveIsRxBufFull             (abs)        00000
__size_of_I2C_SlaveIsTxBufEmpty            (abs)        00000
__size_of_I2C_SlaveOpen                    (abs)        00000
__size_of_I2C_SlaveRdCallBack              (abs)        00000
__size_of_I2C_SlaveReleaseClock            (abs)        00000
__size_of_I2C_SlaveSendTxData              (abs)        00000
__size_of_I2C_SlaveSetAddrIntHandler       (abs)        00000
__size_of_I2C_SlaveSetBusColIntHandler     (abs)        00000
__size_of_I2C_SlaveSetIsrHandler           (abs)        00000
__size_of_I2C_SlaveSetReadIntHandler       (abs)        00000
__size_of_I2C_SlaveSetSlaveAddr            (abs)        00000
__size_of_I2C_SlaveSetSlaveMask            (abs)        00000
__size_of_I2C_SlaveSetWrColIntHandler      (abs)        00000
__size_of_I2C_SlaveSetWriteIntHandler      (abs)        00000
__size_of_I2C_SlaveWrCallBack              (abs)        00000
__size_of_I2C_Write                        (abs)        00000
__size_of_INTERRUPT_InterruptManager       (abs)        00000
__size_of_OSCILLATOR_Initialize            (abs)        00000
__size_of_PIN_MANAGER_Initialize           (abs)        00000
__size_of_SYSTEM_Initialize                (abs)        00000
__size_of_WDT_Initialize                   (abs)        00000
__size_of_main                             (abs)        00000
_cmd                                       bssCOMMON    00072
_holadcr                                   bssCOMMON    00070
_hres                                      bssBANK0     0002F
_i2cRdData                                 bssCOMMON    00074
_i2cSlaveAddr                              bssBANK0     00030
_i2cSlaveState                             bssCOMMON    00073
_i2cWrData                                 bssCOMMON    00075
_lres                                      bssBANK0     0002E
_main                                      maintext     0003B
btemp                                      (abs)        0007E
clear_ram0                                 clrtext      00280
end_of_initialization                      cinit        00037
int$flags                                  (abs)        0007E
intlevel0                                  functab      00000
intlevel1                                  functab      00000
intlevel2                                  functab      00000
intlevel3                                  functab      00000
intlevel4                                  functab      00000
intlevel5                                  functab      00000
reset_vec                                  reset_vec    00000
start                                      init         00027
start_initialization                       cinit        00029
wtemp0                                     (abs)        0007E


MODULE INFORMATION

Module		Function		Class		Link	Load	Size
mcc_generated_files/i2c_slave.c
		_I2C_SlaveDefRdInterruptHandler		CODE           	026B	0000	7
		_I2C_SlaveDefWrInterruptHandler		CODE           	02C2	0000	5
		_I2C_SlaveSetWrColIntHandler		CODE           	0292	0000	6
		_I2C_SlaveSetWriteIntHandler		CODE           	028C	0000	6
		_I2C_SlaveOpen 		CODE           	01F6	0000	16
		_I2C_SlaveSetSlaveAddr		CODE           	029E	0000	6
		_I2C_Write     		CODE           	02BC	0000	6
		_I2C_SlaveIsRxBufFull		CODE           	02D9	0000	4
		_I2C_SlaveClearIrq		CODE           	02E6	0000	3
		_I2C_SlaveGetRxData		CODE           	02E9	0000	3
		_I2C_SlaveSetSlaveMask		CODE           	0298	0000	6
		_I2C_Isr       		CODE           	0103	0000	115
		_I2C_Read      		CODE           	02D5	0000	4
		_I2C_SlaveDefAddrInterruptHandler		CODE           	025C	0000	8
		_I2C_Open      		CODE           	0176	0000	63
		_I2C_SlaveIsRead		CODE           	02CC	0000	5
		_I2C_SlaveSetIsrHandler		CODE           	02AA	0000	6
		_I2C_SlaveIsAddr		CODE           	0279	0000	7
		_I2C_SlaveSetBusColIntHandler		CODE           	02B0	0000	6
		_I2C_SlaveEnableIrq		CODE           	02DD	0000	3
		_I2C_SlaveSendTxData		CODE           	02C7	0000	5
		_I2C_SlaveRdCallBack		CODE           	0223	0000	13
		_I2C_SlaveWrCallBack		CODE           	0216	0000	13
		_I2C_SlaveSetReadIntHandler		CODE           	02A4	0000	6
		_I2C_SlaveAddrCallBack		CODE           	0230	0000	13
		_I2C_Initialize		CODE           	023D	0000	12
		_I2C_SlaveIsTxBufEmpty		CODE           	0272	0000	7
		_I2C_SlaveSetAddrIntHandler		CODE           	02B6	0000	6
		_I2C_SlaveReleaseClock		CODE           	02E3	0000	3

mcc_generated_files/i2c_slave.c estimated size: 363

mcc_generated_files/interrupt_manager.c
		_INTERRUPT_InterruptManager		CODE           	0004	0000	35

mcc_generated_files/interrupt_manager.c estimated size: 35

mcc_generated_files/pin_manager.c
		_PIN_MANAGER_Initialize		CODE           	01B5	0000	26

mcc_generated_files/pin_manager.c estimated size: 26

mcc_generated_files/adc.c
		_ADC_Initialize		CODE           	0254	0000	8
		_ADC_IsConversionDone		CODE           	0264	0000	7
		_ADC_StartConversion		CODE           	02E0	0000	3
		_ADC_SelectChannel		CODE           	0206	0000	16

mcc_generated_files/adc.c estimated size: 34

shared
		__initialization		CODE           	0029	0000	14

shared estimated size: 14

mcc_generated_files/mcc.c
		_WDT_Initialize		CODE           	02D1	0000	4
		_OSCILLATOR_Initialize		CODE           	0286	0000	6
		_SYSTEM_Initialize		CODE           	01E6	0000	16

mcc_generated_files/mcc.c estimated size: 26

main.c
		_main          		CODE           	003B	0000	200
		_CWrI2C        		CODE           	0249	0000	11
		_CReI2C        		CODE           	01CF	0000	23

main.c estimated size: 234

